// Jest Snapshot v1, https://goo.gl/fbAQLP

exports[`NBAContainer should match the snapshot 1`] = `
ShallowWrapper {
  "length": 1,
  Symbol(enzyme.__root__): [Circular],
  Symbol(enzyme.__unrendered__): <Unknown
    NBA={
        Object {
            "EASTERN CONFERENCE": Array [
              Object {},
              Object {},
              Object {},
            ],
            "WESTERN CONFERENCE": Array [
              Object {},
              Object {},
              Object {},
            ],
          }
    }
/>,
  Symbol(enzyme.__renderer__): Object {
    "batchedUpdates": [Function],
    "getNode": [Function],
    "render": [Function],
    "simulateEvent": [Function],
    "unmount": [Function],
  },
  Symbol(enzyme.__node__): Object {
    "instance": null,
    "key": undefined,
    "nodeType": "host",
    "props": Object {
      "children": Array [
        <div
          className="nba-header"
>
          <h3
                    className="header-desc"
          >
                    Name
          </h3>
          <h3
                    className="header-desc nba-record"
          >
                    Record
          </h3>
</div>,
        <div
          className="conference-container"
>
          <div
                    className="conference-title-container"
          >
                    <h3
                              className="conference-name"
                    >
                              Eastern Conference
                    </h3>
          </div>
          <NBACard />
          <NBACard />
          <NBACard />
</div>,
        <div>
          <div
                    className="conference-container"
          >
                    <div
                              className="conference-title-container"
                    >
                              <h3
                                        className="conference-name"
                              >
                                        Western Conference
                              </h3>
                    </div>
          </div>
          <NBACard />
          <NBACard />
          <NBACard />
</div>,
      ],
      "className": "nba-container",
    },
    "ref": null,
    "rendered": Array [
      Object {
        "instance": null,
        "key": undefined,
        "nodeType": "host",
        "props": Object {
          "children": Array [
            <h3
              className="header-desc"
>
              Name
</h3>,
            <h3
              className="header-desc nba-record"
>
              Record
</h3>,
          ],
          "className": "nba-header",
        },
        "ref": null,
        "rendered": Array [
          Object {
            "instance": null,
            "key": undefined,
            "nodeType": "host",
            "props": Object {
              "children": "Name",
              "className": "header-desc",
            },
            "ref": null,
            "rendered": "Name",
            "type": "h3",
          },
          Object {
            "instance": null,
            "key": undefined,
            "nodeType": "host",
            "props": Object {
              "children": "Record",
              "className": "header-desc nba-record",
            },
            "ref": null,
            "rendered": "Record",
            "type": "h3",
          },
        ],
        "type": "div",
      },
      Object {
        "instance": null,
        "key": undefined,
        "nodeType": "host",
        "props": Object {
          "children": Array [
            <div
              className="conference-title-container"
>
              <h3
                            className="conference-name"
              >
                            Eastern Conference
              </h3>
</div>,
            Array [
              <NBACard />,
              <NBACard />,
              <NBACard />,
            ],
          ],
          "className": "conference-container",
        },
        "ref": null,
        "rendered": Array [
          Object {
            "instance": null,
            "key": undefined,
            "nodeType": "host",
            "props": Object {
              "children": <h3
                className="conference-name"
>
                Eastern Conference
</h3>,
              "className": "conference-title-container",
            },
            "ref": null,
            "rendered": Object {
              "instance": null,
              "key": undefined,
              "nodeType": "host",
              "props": Object {
                "children": "Eastern Conference",
                "className": "conference-name",
              },
              "ref": null,
              "rendered": "Eastern Conference",
              "type": "h3",
            },
            "type": "div",
          },
          Object {
            "instance": null,
            "key": "0",
            "nodeType": "function",
            "props": Object {},
            "ref": null,
            "rendered": null,
            "type": [Function],
          },
          Object {
            "instance": null,
            "key": "1",
            "nodeType": "function",
            "props": Object {},
            "ref": null,
            "rendered": null,
            "type": [Function],
          },
          Object {
            "instance": null,
            "key": "2",
            "nodeType": "function",
            "props": Object {},
            "ref": null,
            "rendered": null,
            "type": [Function],
          },
        ],
        "type": "div",
      },
      Object {
        "instance": null,
        "key": undefined,
        "nodeType": "host",
        "props": Object {
          "children": Array [
            <div
              className="conference-container"
>
              <div
                            className="conference-title-container"
              >
                            <h3
                                          className="conference-name"
                            >
                                          Western Conference
                            </h3>
              </div>
</div>,
            Array [
              <NBACard />,
              <NBACard />,
              <NBACard />,
            ],
          ],
        },
        "ref": null,
        "rendered": Array [
          Object {
            "instance": null,
            "key": undefined,
            "nodeType": "host",
            "props": Object {
              "children": <div
                className="conference-title-container"
>
                <h3
                                className="conference-name"
                >
                                Western Conference
                </h3>
</div>,
              "className": "conference-container",
            },
            "ref": null,
            "rendered": Object {
              "instance": null,
              "key": undefined,
              "nodeType": "host",
              "props": Object {
                "children": <h3
                  className="conference-name"
>
                  Western Conference
</h3>,
                "className": "conference-title-container",
              },
              "ref": null,
              "rendered": Object {
                "instance": null,
                "key": undefined,
                "nodeType": "host",
                "props": Object {
                  "children": "Western Conference",
                  "className": "conference-name",
                },
                "ref": null,
                "rendered": "Western Conference",
                "type": "h3",
              },
              "type": "div",
            },
            "type": "div",
          },
          Object {
            "instance": null,
            "key": "0",
            "nodeType": "function",
            "props": Object {},
            "ref": null,
            "rendered": null,
            "type": [Function],
          },
          Object {
            "instance": null,
            "key": "1",
            "nodeType": "function",
            "props": Object {},
            "ref": null,
            "rendered": null,
            "type": [Function],
          },
          Object {
            "instance": null,
            "key": "2",
            "nodeType": "function",
            "props": Object {},
            "ref": null,
            "rendered": null,
            "type": [Function],
          },
        ],
        "type": "div",
      },
    ],
    "type": "div",
  },
  Symbol(enzyme.__nodes__): Array [
    Object {
      "instance": null,
      "key": undefined,
      "nodeType": "host",
      "props": Object {
        "children": Array [
          <div
            className="nba-header"
>
            <h3
                        className="header-desc"
            >
                        Name
            </h3>
            <h3
                        className="header-desc nba-record"
            >
                        Record
            </h3>
</div>,
          <div
            className="conference-container"
>
            <div
                        className="conference-title-container"
            >
                        <h3
                                    className="conference-name"
                        >
                                    Eastern Conference
                        </h3>
            </div>
            <NBACard />
            <NBACard />
            <NBACard />
</div>,
          <div>
            <div
                        className="conference-container"
            >
                        <div
                                    className="conference-title-container"
                        >
                                    <h3
                                                className="conference-name"
                                    >
                                                Western Conference
                                    </h3>
                        </div>
            </div>
            <NBACard />
            <NBACard />
            <NBACard />
</div>,
        ],
        "className": "nba-container",
      },
      "ref": null,
      "rendered": Array [
        Object {
          "instance": null,
          "key": undefined,
          "nodeType": "host",
          "props": Object {
            "children": Array [
              <h3
                className="header-desc"
>
                Name
</h3>,
              <h3
                className="header-desc nba-record"
>
                Record
</h3>,
            ],
            "className": "nba-header",
          },
          "ref": null,
          "rendered": Array [
            Object {
              "instance": null,
              "key": undefined,
              "nodeType": "host",
              "props": Object {
                "children": "Name",
                "className": "header-desc",
              },
              "ref": null,
              "rendered": "Name",
              "type": "h3",
            },
            Object {
              "instance": null,
              "key": undefined,
              "nodeType": "host",
              "props": Object {
                "children": "Record",
                "className": "header-desc nba-record",
              },
              "ref": null,
              "rendered": "Record",
              "type": "h3",
            },
          ],
          "type": "div",
        },
        Object {
          "instance": null,
          "key": undefined,
          "nodeType": "host",
          "props": Object {
            "children": Array [
              <div
                className="conference-title-container"
>
                <h3
                                className="conference-name"
                >
                                Eastern Conference
                </h3>
</div>,
              Array [
                <NBACard />,
                <NBACard />,
                <NBACard />,
              ],
            ],
            "className": "conference-container",
          },
          "ref": null,
          "rendered": Array [
            Object {
              "instance": null,
              "key": undefined,
              "nodeType": "host",
              "props": Object {
                "children": <h3
                  className="conference-name"
>
                  Eastern Conference
</h3>,
                "className": "conference-title-container",
              },
              "ref": null,
              "rendered": Object {
                "instance": null,
                "key": undefined,
                "nodeType": "host",
                "props": Object {
                  "children": "Eastern Conference",
                  "className": "conference-name",
                },
                "ref": null,
                "rendered": "Eastern Conference",
                "type": "h3",
              },
              "type": "div",
            },
            Object {
              "instance": null,
              "key": "0",
              "nodeType": "function",
              "props": Object {},
              "ref": null,
              "rendered": null,
              "type": [Function],
            },
            Object {
              "instance": null,
              "key": "1",
              "nodeType": "function",
              "props": Object {},
              "ref": null,
              "rendered": null,
              "type": [Function],
            },
            Object {
              "instance": null,
              "key": "2",
              "nodeType": "function",
              "props": Object {},
              "ref": null,
              "rendered": null,
              "type": [Function],
            },
          ],
          "type": "div",
        },
        Object {
          "instance": null,
          "key": undefined,
          "nodeType": "host",
          "props": Object {
            "children": Array [
              <div
                className="conference-container"
>
                <div
                                className="conference-title-container"
                >
                                <h3
                                                className="conference-name"
                                >
                                                Western Conference
                                </h3>
                </div>
</div>,
              Array [
                <NBACard />,
                <NBACard />,
                <NBACard />,
              ],
            ],
          },
          "ref": null,
          "rendered": Array [
            Object {
              "instance": null,
              "key": undefined,
              "nodeType": "host",
              "props": Object {
                "children": <div
                  className="conference-title-container"
>
                  <h3
                                    className="conference-name"
                  >
                                    Western Conference
                  </h3>
</div>,
                "className": "conference-container",
              },
              "ref": null,
              "rendered": Object {
                "instance": null,
                "key": undefined,
                "nodeType": "host",
                "props": Object {
                  "children": <h3
                    className="conference-name"
>
                    Western Conference
</h3>,
                  "className": "conference-title-container",
                },
                "ref": null,
                "rendered": Object {
                  "instance": null,
                  "key": undefined,
                  "nodeType": "host",
                  "props": Object {
                    "children": "Western Conference",
                    "className": "conference-name",
                  },
                  "ref": null,
                  "rendered": "Western Conference",
                  "type": "h3",
                },
                "type": "div",
              },
              "type": "div",
            },
            Object {
              "instance": null,
              "key": "0",
              "nodeType": "function",
              "props": Object {},
              "ref": null,
              "rendered": null,
              "type": [Function],
            },
            Object {
              "instance": null,
              "key": "1",
              "nodeType": "function",
              "props": Object {},
              "ref": null,
              "rendered": null,
              "type": [Function],
            },
            Object {
              "instance": null,
              "key": "2",
              "nodeType": "function",
              "props": Object {},
              "ref": null,
              "rendered": null,
              "type": [Function],
            },
          ],
          "type": "div",
        },
      ],
      "type": "div",
    },
  ],
  Symbol(enzyme.__options__): Object {
    "adapter": ReactSixteenAdapter {
      "options": Object {
        "enableComponentDidUpdateOnSetState": true,
      },
    },
  },
}
`;
