// Jest Snapshot v1, https://goo.gl/fbAQLP

exports[`EnglishCard should match the snapshot 1`] = `
ShallowWrapper {
  "length": 1,
  Symbol(enzyme.__root__): [Circular],
  Symbol(enzyme.__unrendered__): <Unknown
    draws={0}
    losses={0}
    name="Arsenal"
    points={100}
    rank={1}
    wins={34}
/>,
  Symbol(enzyme.__renderer__): Object {
    "batchedUpdates": [Function],
    "getNode": [Function],
    "render": [Function],
    "simulateEvent": [Function],
    "unmount": [Function],
  },
  Symbol(enzyme.__node__): Object {
    "instance": null,
    "key": undefined,
    "nodeType": "host",
    "props": Object {
      "children": Array [
        <div
          className="english-title-container"
>
          <h3
                    className="english-title english-desc"
          >
                    Arsenal
          </h3>
</div>,
        <h3
          className="english-rank english-desc"
>
          1
</h3>,
        <div
          className="english-record-container"
>
          <h3
                    className="english-wins english-desc"
          >
                    34
                    -
          </h3>
          <h3
                    className="english-losses english-desc"
          >
                    0
                    -
          </h3>
          <h3
                    className="english-draws english-desc"
          />
</div>,
        <h3
          className="english-points english-desc"
>
          100
</h3>,
      ],
      "className": "english-card",
    },
    "ref": null,
    "rendered": Array [
      Object {
        "instance": null,
        "key": undefined,
        "nodeType": "host",
        "props": Object {
          "children": <h3
            className="english-title english-desc"
>
            Arsenal
</h3>,
          "className": "english-title-container",
        },
        "ref": null,
        "rendered": Object {
          "instance": null,
          "key": undefined,
          "nodeType": "host",
          "props": Object {
            "children": "Arsenal",
            "className": "english-title english-desc",
          },
          "ref": null,
          "rendered": "Arsenal",
          "type": "h3",
        },
        "type": "div",
      },
      Object {
        "instance": null,
        "key": undefined,
        "nodeType": "host",
        "props": Object {
          "children": 1,
          "className": "english-rank english-desc",
        },
        "ref": null,
        "rendered": 1,
        "type": "h3",
      },
      Object {
        "instance": null,
        "key": undefined,
        "nodeType": "host",
        "props": Object {
          "children": Array [
            <h3
              className="english-wins english-desc"
>
              34
              -
</h3>,
            <h3
              className="english-losses english-desc"
>
              0
              -
</h3>,
            <h3
              className="english-draws english-desc"
/>,
          ],
          "className": "english-record-container",
        },
        "ref": null,
        "rendered": Array [
          Object {
            "instance": null,
            "key": undefined,
            "nodeType": "host",
            "props": Object {
              "children": Array [
                34,
                "-",
              ],
              "className": "english-wins english-desc",
            },
            "ref": null,
            "rendered": Array [
              34,
              "-",
            ],
            "type": "h3",
          },
          Object {
            "instance": null,
            "key": undefined,
            "nodeType": "host",
            "props": Object {
              "children": Array [
                0,
                "-",
              ],
              "className": "english-losses english-desc",
            },
            "ref": null,
            "rendered": Array [
              0,
              "-",
            ],
            "type": "h3",
          },
          Object {
            "instance": null,
            "key": undefined,
            "nodeType": "host",
            "props": Object {
              "children": 0,
              "className": "english-draws english-desc",
            },
            "ref": null,
            "rendered": 0,
            "type": "h3",
          },
        ],
        "type": "div",
      },
      Object {
        "instance": null,
        "key": undefined,
        "nodeType": "host",
        "props": Object {
          "children": 100,
          "className": "english-points english-desc",
        },
        "ref": null,
        "rendered": 100,
        "type": "h3",
      },
    ],
    "type": "div",
  },
  Symbol(enzyme.__nodes__): Array [
    Object {
      "instance": null,
      "key": undefined,
      "nodeType": "host",
      "props": Object {
        "children": Array [
          <div
            className="english-title-container"
>
            <h3
                        className="english-title english-desc"
            >
                        Arsenal
            </h3>
</div>,
          <h3
            className="english-rank english-desc"
>
            1
</h3>,
          <div
            className="english-record-container"
>
            <h3
                        className="english-wins english-desc"
            >
                        34
                        -
            </h3>
            <h3
                        className="english-losses english-desc"
            >
                        0
                        -
            </h3>
            <h3
                        className="english-draws english-desc"
            />
</div>,
          <h3
            className="english-points english-desc"
>
            100
</h3>,
        ],
        "className": "english-card",
      },
      "ref": null,
      "rendered": Array [
        Object {
          "instance": null,
          "key": undefined,
          "nodeType": "host",
          "props": Object {
            "children": <h3
              className="english-title english-desc"
>
              Arsenal
</h3>,
            "className": "english-title-container",
          },
          "ref": null,
          "rendered": Object {
            "instance": null,
            "key": undefined,
            "nodeType": "host",
            "props": Object {
              "children": "Arsenal",
              "className": "english-title english-desc",
            },
            "ref": null,
            "rendered": "Arsenal",
            "type": "h3",
          },
          "type": "div",
        },
        Object {
          "instance": null,
          "key": undefined,
          "nodeType": "host",
          "props": Object {
            "children": 1,
            "className": "english-rank english-desc",
          },
          "ref": null,
          "rendered": 1,
          "type": "h3",
        },
        Object {
          "instance": null,
          "key": undefined,
          "nodeType": "host",
          "props": Object {
            "children": Array [
              <h3
                className="english-wins english-desc"
>
                34
                -
</h3>,
              <h3
                className="english-losses english-desc"
>
                0
                -
</h3>,
              <h3
                className="english-draws english-desc"
/>,
            ],
            "className": "english-record-container",
          },
          "ref": null,
          "rendered": Array [
            Object {
              "instance": null,
              "key": undefined,
              "nodeType": "host",
              "props": Object {
                "children": Array [
                  34,
                  "-",
                ],
                "className": "english-wins english-desc",
              },
              "ref": null,
              "rendered": Array [
                34,
                "-",
              ],
              "type": "h3",
            },
            Object {
              "instance": null,
              "key": undefined,
              "nodeType": "host",
              "props": Object {
                "children": Array [
                  0,
                  "-",
                ],
                "className": "english-losses english-desc",
              },
              "ref": null,
              "rendered": Array [
                0,
                "-",
              ],
              "type": "h3",
            },
            Object {
              "instance": null,
              "key": undefined,
              "nodeType": "host",
              "props": Object {
                "children": 0,
                "className": "english-draws english-desc",
              },
              "ref": null,
              "rendered": 0,
              "type": "h3",
            },
          ],
          "type": "div",
        },
        Object {
          "instance": null,
          "key": undefined,
          "nodeType": "host",
          "props": Object {
            "children": 100,
            "className": "english-points english-desc",
          },
          "ref": null,
          "rendered": 100,
          "type": "h3",
        },
      ],
      "type": "div",
    },
  ],
  Symbol(enzyme.__options__): Object {
    "adapter": ReactSixteenAdapter {
      "options": Object {
        "enableComponentDidUpdateOnSetState": true,
      },
    },
  },
}
`;
