// Jest Snapshot v1, https://goo.gl/fbAQLP

exports[`Home should match the snapshot 1`] = `
ShallowWrapper {
  "length": 1,
  Symbol(enzyme.__root__): [Circular],
  Symbol(enzyme.__unrendered__): <Unknown />,
  Symbol(enzyme.__renderer__): Object {
    "batchedUpdates": [Function],
    "getNode": [Function],
    "render": [Function],
    "simulateEvent": [Function],
    "unmount": [Function],
  },
  Symbol(enzyme.__node__): Object {
    "instance": null,
    "key": undefined,
    "nodeType": "host",
    "props": Object {
      "children": Array [
        <h1
          className="home-title"
>
          Current Standings
</h1>,
        <p>
          <Link
                    className="setup-link"
                    replace={false}
                    to="/setupleague"
          >
                    Start A New League
          </Link>
</p>,
        <div
          className="standings-container"
>
          <Connect(Component) />
          <Connect(Component) />
</div>,
      ],
      "className": "home-container",
    },
    "ref": null,
    "rendered": Array [
      Object {
        "instance": null,
        "key": undefined,
        "nodeType": "host",
        "props": Object {
          "children": "Current Standings",
          "className": "home-title",
        },
        "ref": null,
        "rendered": "Current Standings",
        "type": "h1",
      },
      Object {
        "instance": null,
        "key": undefined,
        "nodeType": "host",
        "props": Object {
          "children": <Link
            className="setup-link"
            replace={false}
            to="/setupleague"
>
            Start A New League
</Link>,
        },
        "ref": null,
        "rendered": Object {
          "instance": null,
          "key": undefined,
          "nodeType": "class",
          "props": Object {
            "children": "Start A New League",
            "className": "setup-link",
            "replace": false,
            "to": "/setupleague",
          },
          "ref": null,
          "rendered": "Start A New League",
          "type": [Function],
        },
        "type": "p",
      },
      Object {
        "instance": null,
        "key": undefined,
        "nodeType": "host",
        "props": Object {
          "children": Array [
            <Connect(Component) />,
            <Connect(Component) />,
          ],
          "className": "standings-container",
        },
        "ref": null,
        "rendered": Array [
          Object {
            "instance": null,
            "key": undefined,
            "nodeType": "class",
            "props": Object {},
            "ref": null,
            "rendered": null,
            "type": [Function],
          },
          Object {
            "instance": null,
            "key": undefined,
            "nodeType": "class",
            "props": Object {},
            "ref": null,
            "rendered": null,
            "type": [Function],
          },
        ],
        "type": "div",
      },
    ],
    "type": "div",
  },
  Symbol(enzyme.__nodes__): Array [
    Object {
      "instance": null,
      "key": undefined,
      "nodeType": "host",
      "props": Object {
        "children": Array [
          <h1
            className="home-title"
>
            Current Standings
</h1>,
          <p>
            <Link
                        className="setup-link"
                        replace={false}
                        to="/setupleague"
            >
                        Start A New League
            </Link>
</p>,
          <div
            className="standings-container"
>
            <Connect(Component) />
            <Connect(Component) />
</div>,
        ],
        "className": "home-container",
      },
      "ref": null,
      "rendered": Array [
        Object {
          "instance": null,
          "key": undefined,
          "nodeType": "host",
          "props": Object {
            "children": "Current Standings",
            "className": "home-title",
          },
          "ref": null,
          "rendered": "Current Standings",
          "type": "h1",
        },
        Object {
          "instance": null,
          "key": undefined,
          "nodeType": "host",
          "props": Object {
            "children": <Link
              className="setup-link"
              replace={false}
              to="/setupleague"
>
              Start A New League
</Link>,
          },
          "ref": null,
          "rendered": Object {
            "instance": null,
            "key": undefined,
            "nodeType": "class",
            "props": Object {
              "children": "Start A New League",
              "className": "setup-link",
              "replace": false,
              "to": "/setupleague",
            },
            "ref": null,
            "rendered": "Start A New League",
            "type": [Function],
          },
          "type": "p",
        },
        Object {
          "instance": null,
          "key": undefined,
          "nodeType": "host",
          "props": Object {
            "children": Array [
              <Connect(Component) />,
              <Connect(Component) />,
            ],
            "className": "standings-container",
          },
          "ref": null,
          "rendered": Array [
            Object {
              "instance": null,
              "key": undefined,
              "nodeType": "class",
              "props": Object {},
              "ref": null,
              "rendered": null,
              "type": [Function],
            },
            Object {
              "instance": null,
              "key": undefined,
              "nodeType": "class",
              "props": Object {},
              "ref": null,
              "rendered": null,
              "type": [Function],
            },
          ],
          "type": "div",
        },
      ],
      "type": "div",
    },
  ],
  Symbol(enzyme.__options__): Object {
    "adapter": ReactSixteenAdapter {
      "options": Object {
        "enableComponentDidUpdateOnSetState": true,
      },
    },
  },
}
`;
