// Jest Snapshot v1, https://goo.gl/fbAQLP

exports[`DraftPicks should match the snapshot 1`] = `
ShallowWrapper {
  "length": 1,
  Symbol(enzyme.__root__): [Circular],
  Symbol(enzyme.__unrendered__): <DraftPicks
    teams={
        Array [
            Object {},
            Object {},
            Object {},
          ]
    }
/>,
  Symbol(enzyme.__renderer__): Object {
    "batchedUpdates": [Function],
    "getNode": [Function],
    "render": [Function],
    "simulateEvent": [Function],
    "unmount": [Function],
  },
  Symbol(enzyme.__node__): Object {
    "instance": null,
    "key": undefined,
    "nodeType": "host",
    "props": Object {
      "children": Array [
        <div
          className="draft-card draft-pick"
>
          <h3
                    className="draft-name"
          />
</div>,
        <div
          className="draft-card draft-pick"
>
          <h3
                    className="draft-name"
          />
</div>,
        <div
          className="draft-card draft-pick"
>
          <h3
                    className="draft-name"
          />
</div>,
      ],
    },
    "ref": null,
    "rendered": Array [
      Object {
        "instance": null,
        "key": "0",
        "nodeType": "host",
        "props": Object {
          "children": <h3
            className="draft-name"
/>,
          "className": "draft-card draft-pick",
        },
        "ref": null,
        "rendered": Object {
          "instance": null,
          "key": undefined,
          "nodeType": "host",
          "props": Object {
            "children": undefined,
            "className": "draft-name",
          },
          "ref": null,
          "rendered": null,
          "type": "h3",
        },
        "type": "div",
      },
      Object {
        "instance": null,
        "key": "1",
        "nodeType": "host",
        "props": Object {
          "children": <h3
            className="draft-name"
/>,
          "className": "draft-card draft-pick",
        },
        "ref": null,
        "rendered": Object {
          "instance": null,
          "key": undefined,
          "nodeType": "host",
          "props": Object {
            "children": undefined,
            "className": "draft-name",
          },
          "ref": null,
          "rendered": null,
          "type": "h3",
        },
        "type": "div",
      },
      Object {
        "instance": null,
        "key": "2",
        "nodeType": "host",
        "props": Object {
          "children": <h3
            className="draft-name"
/>,
          "className": "draft-card draft-pick",
        },
        "ref": null,
        "rendered": Object {
          "instance": null,
          "key": undefined,
          "nodeType": "host",
          "props": Object {
            "children": undefined,
            "className": "draft-name",
          },
          "ref": null,
          "rendered": null,
          "type": "h3",
        },
        "type": "div",
      },
    ],
    "type": "div",
  },
  Symbol(enzyme.__nodes__): Array [
    Object {
      "instance": null,
      "key": undefined,
      "nodeType": "host",
      "props": Object {
        "children": Array [
          <div
            className="draft-card draft-pick"
>
            <h3
                        className="draft-name"
            />
</div>,
          <div
            className="draft-card draft-pick"
>
            <h3
                        className="draft-name"
            />
</div>,
          <div
            className="draft-card draft-pick"
>
            <h3
                        className="draft-name"
            />
</div>,
        ],
      },
      "ref": null,
      "rendered": Array [
        Object {
          "instance": null,
          "key": "0",
          "nodeType": "host",
          "props": Object {
            "children": <h3
              className="draft-name"
/>,
            "className": "draft-card draft-pick",
          },
          "ref": null,
          "rendered": Object {
            "instance": null,
            "key": undefined,
            "nodeType": "host",
            "props": Object {
              "children": undefined,
              "className": "draft-name",
            },
            "ref": null,
            "rendered": null,
            "type": "h3",
          },
          "type": "div",
        },
        Object {
          "instance": null,
          "key": "1",
          "nodeType": "host",
          "props": Object {
            "children": <h3
              className="draft-name"
/>,
            "className": "draft-card draft-pick",
          },
          "ref": null,
          "rendered": Object {
            "instance": null,
            "key": undefined,
            "nodeType": "host",
            "props": Object {
              "children": undefined,
              "className": "draft-name",
            },
            "ref": null,
            "rendered": null,
            "type": "h3",
          },
          "type": "div",
        },
        Object {
          "instance": null,
          "key": "2",
          "nodeType": "host",
          "props": Object {
            "children": <h3
              className="draft-name"
/>,
            "className": "draft-card draft-pick",
          },
          "ref": null,
          "rendered": Object {
            "instance": null,
            "key": undefined,
            "nodeType": "host",
            "props": Object {
              "children": undefined,
              "className": "draft-name",
            },
            "ref": null,
            "rendered": null,
            "type": "h3",
          },
          "type": "div",
        },
      ],
      "type": "div",
    },
  ],
  Symbol(enzyme.__options__): Object {
    "adapter": ReactSixteenAdapter {
      "options": Object {
        "enableComponentDidUpdateOnSetState": true,
      },
    },
  },
}
`;
