// Jest Snapshot v1, https://goo.gl/fbAQLP

exports[`CreateUser should match the snapshot 1`] = `
ShallowWrapper {
  "length": 1,
  Symbol(enzyme.__root__): [Circular],
  Symbol(enzyme.__unrendered__): <CreateUser
    handleSignup={[Function]}
/>,
  Symbol(enzyme.__renderer__): Object {
    "batchedUpdates": [Function],
    "getNode": [Function],
    "render": [Function],
    "simulateEvent": [Function],
    "unmount": [Function],
  },
  Symbol(enzyme.__node__): Object {
    "instance": null,
    "key": undefined,
    "nodeType": "host",
    "props": Object {
      "children": Array [
        <h3
          className="login-title"
>
          Create Account
</h3>,
        <input
          className="create-user"
          name="username"
          onChange={[Function]}
          placeholder="username"
          type="text"
          value=""
/>,
        <input
          className="create-user"
          name="email"
          onChange={[Function]}
          placeholder="Email"
          type="text"
          value=""
/>,
        <input
          className="create-user"
          name="password"
          onChange={[Function]}
          placeholder="Password"
          type="password"
          value=""
/>,
        <button
          className="create-user-button"
          type="submit"
>
          Create Account
</button>,
      ],
      "className": "create-user-form",
      "onSubmit": [Function],
    },
    "ref": null,
    "rendered": Array [
      Object {
        "instance": null,
        "key": undefined,
        "nodeType": "host",
        "props": Object {
          "children": "Create Account",
          "className": "login-title",
        },
        "ref": null,
        "rendered": "Create Account",
        "type": "h3",
      },
      Object {
        "instance": null,
        "key": undefined,
        "nodeType": "host",
        "props": Object {
          "className": "create-user",
          "name": "username",
          "onChange": [Function],
          "placeholder": "username",
          "type": "text",
          "value": "",
        },
        "ref": null,
        "rendered": null,
        "type": "input",
      },
      Object {
        "instance": null,
        "key": undefined,
        "nodeType": "host",
        "props": Object {
          "className": "create-user",
          "name": "email",
          "onChange": [Function],
          "placeholder": "Email",
          "type": "text",
          "value": "",
        },
        "ref": null,
        "rendered": null,
        "type": "input",
      },
      Object {
        "instance": null,
        "key": undefined,
        "nodeType": "host",
        "props": Object {
          "className": "create-user",
          "name": "password",
          "onChange": [Function],
          "placeholder": "Password",
          "type": "password",
          "value": "",
        },
        "ref": null,
        "rendered": null,
        "type": "input",
      },
      Object {
        "instance": null,
        "key": undefined,
        "nodeType": "host",
        "props": Object {
          "children": "Create Account",
          "className": "create-user-button",
          "type": "submit",
        },
        "ref": null,
        "rendered": "Create Account",
        "type": "button",
      },
    ],
    "type": "form",
  },
  Symbol(enzyme.__nodes__): Array [
    Object {
      "instance": null,
      "key": undefined,
      "nodeType": "host",
      "props": Object {
        "children": Array [
          <h3
            className="login-title"
>
            Create Account
</h3>,
          <input
            className="create-user"
            name="username"
            onChange={[Function]}
            placeholder="username"
            type="text"
            value=""
/>,
          <input
            className="create-user"
            name="email"
            onChange={[Function]}
            placeholder="Email"
            type="text"
            value=""
/>,
          <input
            className="create-user"
            name="password"
            onChange={[Function]}
            placeholder="Password"
            type="password"
            value=""
/>,
          <button
            className="create-user-button"
            type="submit"
>
            Create Account
</button>,
        ],
        "className": "create-user-form",
        "onSubmit": [Function],
      },
      "ref": null,
      "rendered": Array [
        Object {
          "instance": null,
          "key": undefined,
          "nodeType": "host",
          "props": Object {
            "children": "Create Account",
            "className": "login-title",
          },
          "ref": null,
          "rendered": "Create Account",
          "type": "h3",
        },
        Object {
          "instance": null,
          "key": undefined,
          "nodeType": "host",
          "props": Object {
            "className": "create-user",
            "name": "username",
            "onChange": [Function],
            "placeholder": "username",
            "type": "text",
            "value": "",
          },
          "ref": null,
          "rendered": null,
          "type": "input",
        },
        Object {
          "instance": null,
          "key": undefined,
          "nodeType": "host",
          "props": Object {
            "className": "create-user",
            "name": "email",
            "onChange": [Function],
            "placeholder": "Email",
            "type": "text",
            "value": "",
          },
          "ref": null,
          "rendered": null,
          "type": "input",
        },
        Object {
          "instance": null,
          "key": undefined,
          "nodeType": "host",
          "props": Object {
            "className": "create-user",
            "name": "password",
            "onChange": [Function],
            "placeholder": "Password",
            "type": "password",
            "value": "",
          },
          "ref": null,
          "rendered": null,
          "type": "input",
        },
        Object {
          "instance": null,
          "key": undefined,
          "nodeType": "host",
          "props": Object {
            "children": "Create Account",
            "className": "create-user-button",
            "type": "submit",
          },
          "ref": null,
          "rendered": "Create Account",
          "type": "button",
        },
      ],
      "type": "form",
    },
  ],
  Symbol(enzyme.__options__): Object {
    "adapter": ReactSixteenAdapter {
      "options": Object {
        "enableComponentDidUpdateOnSetState": true,
      },
    },
  },
}
`;
