// Jest Snapshot v1, https://goo.gl/fbAQLP

exports[`Leagues should match the snapshot 1`] = `
ShallowWrapper {
  "length": 1,
  Symbol(enzyme.__root__): [Circular],
  Symbol(enzyme.__unrendered__): <NBACard
    losses={20}
    market="Chicago"
    name="Bulls"
    wins={44}
/>,
  Symbol(enzyme.__renderer__): Object {
    "batchedUpdates": [Function],
    "getNode": [Function],
    "render": [Function],
    "simulateEvent": [Function],
    "unmount": [Function],
  },
  Symbol(enzyme.__node__): Object {
    "instance": null,
    "key": undefined,
    "nodeType": "host",
    "props": Object {
      "children": Array [
        <div
          className="nba-title-container"
>
          <h3
                    className="nba-team-name"
          >
                    Chicago
                     
                    Bulls
          </h3>
</div>,
        <div
          className="nba-record-container"
>
          <h3
                    className="nba-record"
          >
                     
                    44
                    -
                    20
          </h3>
</div>,
      ],
      "className": "nba-card",
    },
    "ref": null,
    "rendered": Array [
      Object {
        "instance": null,
        "key": undefined,
        "nodeType": "host",
        "props": Object {
          "children": <h3
            className="nba-team-name"
>
            Chicago
             
            Bulls
</h3>,
          "className": "nba-title-container",
        },
        "ref": null,
        "rendered": Object {
          "instance": null,
          "key": undefined,
          "nodeType": "host",
          "props": Object {
            "children": Array [
              "Chicago",
              " ",
              "Bulls",
            ],
            "className": "nba-team-name",
          },
          "ref": null,
          "rendered": Array [
            "Chicago",
            " ",
            "Bulls",
          ],
          "type": "h3",
        },
        "type": "div",
      },
      Object {
        "instance": null,
        "key": undefined,
        "nodeType": "host",
        "props": Object {
          "children": <h3
            className="nba-record"
>
             
            44
            -
            20
</h3>,
          "className": "nba-record-container",
        },
        "ref": null,
        "rendered": Object {
          "instance": null,
          "key": undefined,
          "nodeType": "host",
          "props": Object {
            "children": Array [
              " ",
              44,
              "-",
              20,
            ],
            "className": "nba-record",
          },
          "ref": null,
          "rendered": Array [
            " ",
            44,
            "-",
            20,
          ],
          "type": "h3",
        },
        "type": "div",
      },
    ],
    "type": "div",
  },
  Symbol(enzyme.__nodes__): Array [
    Object {
      "instance": null,
      "key": undefined,
      "nodeType": "host",
      "props": Object {
        "children": Array [
          <div
            className="nba-title-container"
>
            <h3
                        className="nba-team-name"
            >
                        Chicago
                         
                        Bulls
            </h3>
</div>,
          <div
            className="nba-record-container"
>
            <h3
                        className="nba-record"
            >
                         
                        44
                        -
                        20
            </h3>
</div>,
        ],
        "className": "nba-card",
      },
      "ref": null,
      "rendered": Array [
        Object {
          "instance": null,
          "key": undefined,
          "nodeType": "host",
          "props": Object {
            "children": <h3
              className="nba-team-name"
>
              Chicago
               
              Bulls
</h3>,
            "className": "nba-title-container",
          },
          "ref": null,
          "rendered": Object {
            "instance": null,
            "key": undefined,
            "nodeType": "host",
            "props": Object {
              "children": Array [
                "Chicago",
                " ",
                "Bulls",
              ],
              "className": "nba-team-name",
            },
            "ref": null,
            "rendered": Array [
              "Chicago",
              " ",
              "Bulls",
            ],
            "type": "h3",
          },
          "type": "div",
        },
        Object {
          "instance": null,
          "key": undefined,
          "nodeType": "host",
          "props": Object {
            "children": <h3
              className="nba-record"
>
               
              44
              -
              20
</h3>,
            "className": "nba-record-container",
          },
          "ref": null,
          "rendered": Object {
            "instance": null,
            "key": undefined,
            "nodeType": "host",
            "props": Object {
              "children": Array [
                " ",
                44,
                "-",
                20,
              ],
              "className": "nba-record",
            },
            "ref": null,
            "rendered": Array [
              " ",
              44,
              "-",
              20,
            ],
            "type": "h3",
          },
          "type": "div",
        },
      ],
      "type": "div",
    },
  ],
  Symbol(enzyme.__options__): Object {
    "adapter": ReactSixteenAdapter {
      "options": Object {
        "enableComponentDidUpdateOnSetState": true,
      },
    },
  },
}
`;
