// Jest Snapshot v1, https://goo.gl/fbAQLP

exports[`DraftCard should match the snapshot 1`] = `
ShallowWrapper {
  "length": 1,
  Symbol(enzyme.__root__): [Circular],
  Symbol(enzyme.__unrendered__): <DraftSection
    draftTeams={Array []}
    handleLeagueID={[Function]}
    league={Object {}}
/>,
  Symbol(enzyme.__renderer__): Object {
    "batchedUpdates": [Function],
    "getNode": [Function],
    "render": [Function],
    "simulateEvent": [Function],
    "unmount": [Function],
  },
  Symbol(enzyme.__node__): Object {
    "instance": null,
    "key": undefined,
    "nodeType": "host",
    "props": Object {
      "children": Array [
        <div
          className="league-info-container"
>
          <h1
                    className="league-title"
          />
          <div
                    className="league-bet-container"
          >
                    <h3
                              className="league-bet-desc"
                    >
                              Wager:
                    </h3>
                    <h3
                              className="league-bet"
                    />
          </div>
</div>,
        <button
          className="submit-league-button"
          onClick={[Function]}
>
          Submit League
</button>,
        <div
          className="draft-section"
>
          <div
                    className="draft-teams"
          >
                    <div
                              className="draft-teams-title"
                    >
                              <h3
                                        className="title-desc"
                              >
                                        Available Teams
                              </h3>
                    </div>
                    <Connect(Component) />
          </div>
          <Connect(UserDraftCard) />
</div>,
      ],
      "className": "draft-container",
    },
    "ref": null,
    "rendered": Array [
      Object {
        "instance": null,
        "key": undefined,
        "nodeType": "host",
        "props": Object {
          "children": Array [
            <h1
              className="league-title"
/>,
            <div
              className="league-bet-container"
>
              <h3
                            className="league-bet-desc"
              >
                            Wager:
              </h3>
              <h3
                            className="league-bet"
              />
</div>,
          ],
          "className": "league-info-container",
        },
        "ref": null,
        "rendered": Array [
          Object {
            "instance": null,
            "key": undefined,
            "nodeType": "host",
            "props": Object {
              "children": undefined,
              "className": "league-title",
            },
            "ref": null,
            "rendered": null,
            "type": "h1",
          },
          Object {
            "instance": null,
            "key": undefined,
            "nodeType": "host",
            "props": Object {
              "children": Array [
                <h3
                  className="league-bet-desc"
>
                  Wager:
</h3>,
                <h3
                  className="league-bet"
/>,
              ],
              "className": "league-bet-container",
            },
            "ref": null,
            "rendered": Array [
              Object {
                "instance": null,
                "key": undefined,
                "nodeType": "host",
                "props": Object {
                  "children": "Wager:",
                  "className": "league-bet-desc",
                },
                "ref": null,
                "rendered": "Wager:",
                "type": "h3",
              },
              Object {
                "instance": null,
                "key": undefined,
                "nodeType": "host",
                "props": Object {
                  "children": undefined,
                  "className": "league-bet",
                },
                "ref": null,
                "rendered": null,
                "type": "h3",
              },
            ],
            "type": "div",
          },
        ],
        "type": "div",
      },
      Object {
        "instance": null,
        "key": undefined,
        "nodeType": "host",
        "props": Object {
          "children": "Submit League",
          "className": "submit-league-button",
          "onClick": [Function],
        },
        "ref": null,
        "rendered": "Submit League",
        "type": "button",
      },
      Object {
        "instance": null,
        "key": undefined,
        "nodeType": "host",
        "props": Object {
          "children": Array [
            <div
              className="draft-teams"
>
              <div
                            className="draft-teams-title"
              >
                            <h3
                                          className="title-desc"
                            >
                                          Available Teams
                            </h3>
              </div>
              <Connect(Component) />
</div>,
            <Connect(UserDraftCard) />,
          ],
          "className": "draft-section",
        },
        "ref": null,
        "rendered": Array [
          Object {
            "instance": null,
            "key": undefined,
            "nodeType": "host",
            "props": Object {
              "children": Array [
                <div
                  className="draft-teams-title"
>
                  <h3
                                    className="title-desc"
                  >
                                    Available Teams
                  </h3>
</div>,
                <Connect(Component) />,
              ],
              "className": "draft-teams",
            },
            "ref": null,
            "rendered": Array [
              Object {
                "instance": null,
                "key": undefined,
                "nodeType": "host",
                "props": Object {
                  "children": <h3
                    className="title-desc"
>
                    Available Teams
</h3>,
                  "className": "draft-teams-title",
                },
                "ref": null,
                "rendered": Object {
                  "instance": null,
                  "key": undefined,
                  "nodeType": "host",
                  "props": Object {
                    "children": "Available Teams",
                    "className": "title-desc",
                  },
                  "ref": null,
                  "rendered": "Available Teams",
                  "type": "h3",
                },
                "type": "div",
              },
              Object {
                "instance": null,
                "key": undefined,
                "nodeType": "class",
                "props": Object {},
                "ref": null,
                "rendered": null,
                "type": [Function],
              },
            ],
            "type": "div",
          },
          Object {
            "instance": null,
            "key": undefined,
            "nodeType": "class",
            "props": Object {},
            "ref": null,
            "rendered": null,
            "type": [Function],
          },
        ],
        "type": "div",
      },
    ],
    "type": "div",
  },
  Symbol(enzyme.__nodes__): Array [
    Object {
      "instance": null,
      "key": undefined,
      "nodeType": "host",
      "props": Object {
        "children": Array [
          <div
            className="league-info-container"
>
            <h1
                        className="league-title"
            />
            <div
                        className="league-bet-container"
            >
                        <h3
                                    className="league-bet-desc"
                        >
                                    Wager:
                        </h3>
                        <h3
                                    className="league-bet"
                        />
            </div>
</div>,
          <button
            className="submit-league-button"
            onClick={[Function]}
>
            Submit League
</button>,
          <div
            className="draft-section"
>
            <div
                        className="draft-teams"
            >
                        <div
                                    className="draft-teams-title"
                        >
                                    <h3
                                                className="title-desc"
                                    >
                                                Available Teams
                                    </h3>
                        </div>
                        <Connect(Component) />
            </div>
            <Connect(UserDraftCard) />
</div>,
        ],
        "className": "draft-container",
      },
      "ref": null,
      "rendered": Array [
        Object {
          "instance": null,
          "key": undefined,
          "nodeType": "host",
          "props": Object {
            "children": Array [
              <h1
                className="league-title"
/>,
              <div
                className="league-bet-container"
>
                <h3
                                className="league-bet-desc"
                >
                                Wager:
                </h3>
                <h3
                                className="league-bet"
                />
</div>,
            ],
            "className": "league-info-container",
          },
          "ref": null,
          "rendered": Array [
            Object {
              "instance": null,
              "key": undefined,
              "nodeType": "host",
              "props": Object {
                "children": undefined,
                "className": "league-title",
              },
              "ref": null,
              "rendered": null,
              "type": "h1",
            },
            Object {
              "instance": null,
              "key": undefined,
              "nodeType": "host",
              "props": Object {
                "children": Array [
                  <h3
                    className="league-bet-desc"
>
                    Wager:
</h3>,
                  <h3
                    className="league-bet"
/>,
                ],
                "className": "league-bet-container",
              },
              "ref": null,
              "rendered": Array [
                Object {
                  "instance": null,
                  "key": undefined,
                  "nodeType": "host",
                  "props": Object {
                    "children": "Wager:",
                    "className": "league-bet-desc",
                  },
                  "ref": null,
                  "rendered": "Wager:",
                  "type": "h3",
                },
                Object {
                  "instance": null,
                  "key": undefined,
                  "nodeType": "host",
                  "props": Object {
                    "children": undefined,
                    "className": "league-bet",
                  },
                  "ref": null,
                  "rendered": null,
                  "type": "h3",
                },
              ],
              "type": "div",
            },
          ],
          "type": "div",
        },
        Object {
          "instance": null,
          "key": undefined,
          "nodeType": "host",
          "props": Object {
            "children": "Submit League",
            "className": "submit-league-button",
            "onClick": [Function],
          },
          "ref": null,
          "rendered": "Submit League",
          "type": "button",
        },
        Object {
          "instance": null,
          "key": undefined,
          "nodeType": "host",
          "props": Object {
            "children": Array [
              <div
                className="draft-teams"
>
                <div
                                className="draft-teams-title"
                >
                                <h3
                                                className="title-desc"
                                >
                                                Available Teams
                                </h3>
                </div>
                <Connect(Component) />
</div>,
              <Connect(UserDraftCard) />,
            ],
            "className": "draft-section",
          },
          "ref": null,
          "rendered": Array [
            Object {
              "instance": null,
              "key": undefined,
              "nodeType": "host",
              "props": Object {
                "children": Array [
                  <div
                    className="draft-teams-title"
>
                    <h3
                                        className="title-desc"
                    >
                                        Available Teams
                    </h3>
</div>,
                  <Connect(Component) />,
                ],
                "className": "draft-teams",
              },
              "ref": null,
              "rendered": Array [
                Object {
                  "instance": null,
                  "key": undefined,
                  "nodeType": "host",
                  "props": Object {
                    "children": <h3
                      className="title-desc"
>
                      Available Teams
</h3>,
                    "className": "draft-teams-title",
                  },
                  "ref": null,
                  "rendered": Object {
                    "instance": null,
                    "key": undefined,
                    "nodeType": "host",
                    "props": Object {
                      "children": "Available Teams",
                      "className": "title-desc",
                    },
                    "ref": null,
                    "rendered": "Available Teams",
                    "type": "h3",
                  },
                  "type": "div",
                },
                Object {
                  "instance": null,
                  "key": undefined,
                  "nodeType": "class",
                  "props": Object {},
                  "ref": null,
                  "rendered": null,
                  "type": [Function],
                },
              ],
              "type": "div",
            },
            Object {
              "instance": null,
              "key": undefined,
              "nodeType": "class",
              "props": Object {},
              "ref": null,
              "rendered": null,
              "type": [Function],
            },
          ],
          "type": "div",
        },
      ],
      "type": "div",
    },
  ],
  Symbol(enzyme.__options__): Object {
    "adapter": ReactSixteenAdapter {
      "options": Object {
        "enableComponentDidUpdateOnSetState": true,
      },
    },
  },
}
`;
