// Jest Snapshot v1, https://goo.gl/fbAQLP

exports[`LeagueCard should match the snapshot 1`] = `
ShallowWrapper {
  "length": 1,
  Symbol(enzyme.__root__): [Circular],
  Symbol(enzyme.__unrendered__): <LeagueCard
    admin={2}
    bet="jersey"
    league_type="EPL"
    name="League"
/>,
  Symbol(enzyme.__renderer__): Object {
    "batchedUpdates": [Function],
    "getNode": [Function],
    "render": [Function],
    "simulateEvent": [Function],
    "unmount": [Function],
  },
  Symbol(enzyme.__node__): Object {
    "instance": null,
    "key": undefined,
    "nodeType": "host",
    "props": Object {
      "children": <div
        className="league-card-header"
>
        <h3
                className="league-card-header-des-title"
        >
                League
        </h3>
        <h3
                className="league-card-header-des"
        >
                Sport:
        </h3>
        <h3
                className="league-card-header-content"
        >
                EPL
        </h3>
        <h3
                className="league-card-header-des"
        >
                Wager:
        </h3>
        <h3
                className="league-card-header-content"
        >
                jersey
        </h3>
</div>,
      "className": "league-card-container",
    },
    "ref": null,
    "rendered": Object {
      "instance": null,
      "key": undefined,
      "nodeType": "host",
      "props": Object {
        "children": Array [
          <h3
            className="league-card-header-des-title"
>
            League
</h3>,
          <h3
            className="league-card-header-des"
>
            Sport:
</h3>,
          <h3
            className="league-card-header-content"
>
            EPL
</h3>,
          <h3
            className="league-card-header-des"
>
            Wager:
</h3>,
          <h3
            className="league-card-header-content"
>
            jersey
</h3>,
        ],
        "className": "league-card-header",
      },
      "ref": null,
      "rendered": Array [
        Object {
          "instance": null,
          "key": undefined,
          "nodeType": "host",
          "props": Object {
            "children": "League",
            "className": "league-card-header-des-title",
          },
          "ref": null,
          "rendered": "League",
          "type": "h3",
        },
        Object {
          "instance": null,
          "key": undefined,
          "nodeType": "host",
          "props": Object {
            "children": "Sport:",
            "className": "league-card-header-des",
          },
          "ref": null,
          "rendered": "Sport:",
          "type": "h3",
        },
        Object {
          "instance": null,
          "key": undefined,
          "nodeType": "host",
          "props": Object {
            "children": "EPL",
            "className": "league-card-header-content",
          },
          "ref": null,
          "rendered": "EPL",
          "type": "h3",
        },
        Object {
          "instance": null,
          "key": undefined,
          "nodeType": "host",
          "props": Object {
            "children": "Wager:",
            "className": "league-card-header-des",
          },
          "ref": null,
          "rendered": "Wager:",
          "type": "h3",
        },
        Object {
          "instance": null,
          "key": undefined,
          "nodeType": "host",
          "props": Object {
            "children": "jersey",
            "className": "league-card-header-content",
          },
          "ref": null,
          "rendered": "jersey",
          "type": "h3",
        },
      ],
      "type": "div",
    },
    "type": "div",
  },
  Symbol(enzyme.__nodes__): Array [
    Object {
      "instance": null,
      "key": undefined,
      "nodeType": "host",
      "props": Object {
        "children": <div
          className="league-card-header"
>
          <h3
                    className="league-card-header-des-title"
          >
                    League
          </h3>
          <h3
                    className="league-card-header-des"
          >
                    Sport:
          </h3>
          <h3
                    className="league-card-header-content"
          >
                    EPL
          </h3>
          <h3
                    className="league-card-header-des"
          >
                    Wager:
          </h3>
          <h3
                    className="league-card-header-content"
          >
                    jersey
          </h3>
</div>,
        "className": "league-card-container",
      },
      "ref": null,
      "rendered": Object {
        "instance": null,
        "key": undefined,
        "nodeType": "host",
        "props": Object {
          "children": Array [
            <h3
              className="league-card-header-des-title"
>
              League
</h3>,
            <h3
              className="league-card-header-des"
>
              Sport:
</h3>,
            <h3
              className="league-card-header-content"
>
              EPL
</h3>,
            <h3
              className="league-card-header-des"
>
              Wager:
</h3>,
            <h3
              className="league-card-header-content"
>
              jersey
</h3>,
          ],
          "className": "league-card-header",
        },
        "ref": null,
        "rendered": Array [
          Object {
            "instance": null,
            "key": undefined,
            "nodeType": "host",
            "props": Object {
              "children": "League",
              "className": "league-card-header-des-title",
            },
            "ref": null,
            "rendered": "League",
            "type": "h3",
          },
          Object {
            "instance": null,
            "key": undefined,
            "nodeType": "host",
            "props": Object {
              "children": "Sport:",
              "className": "league-card-header-des",
            },
            "ref": null,
            "rendered": "Sport:",
            "type": "h3",
          },
          Object {
            "instance": null,
            "key": undefined,
            "nodeType": "host",
            "props": Object {
              "children": "EPL",
              "className": "league-card-header-content",
            },
            "ref": null,
            "rendered": "EPL",
            "type": "h3",
          },
          Object {
            "instance": null,
            "key": undefined,
            "nodeType": "host",
            "props": Object {
              "children": "Wager:",
              "className": "league-card-header-des",
            },
            "ref": null,
            "rendered": "Wager:",
            "type": "h3",
          },
          Object {
            "instance": null,
            "key": undefined,
            "nodeType": "host",
            "props": Object {
              "children": "jersey",
              "className": "league-card-header-content",
            },
            "ref": null,
            "rendered": "jersey",
            "type": "h3",
          },
        ],
        "type": "div",
      },
      "type": "div",
    },
  ],
  Symbol(enzyme.__options__): Object {
    "adapter": ReactSixteenAdapter {
      "options": Object {
        "enableComponentDidUpdateOnSetState": true,
      },
    },
  },
}
`;
